---------------------------------------------------------------------------
 International Telecommunications Union - Radiocommunication Sector (ITU-R)
     ITURHFProp         Ver Aug  1 2026
     HF Model (P533)    Ver 14.1
     Noise Model (P372) Ver 14.2
     Analysis Prepared  Sat Aug  1 06:12:59 2026

---------------------------------------------------------------------------

***************************** P533 Input Parameters ****************************

	Test case ID 1: Year 84 Month 8
	Year          : 1984
	Month         : August
	Hour          : 1 (hour UTC)
	SSN (R12)     : 37
	Distance      : 174.728941 (km)
	dmax          : 4000.000000 (km)
	Tx power      : 0.000000
	Tx Location     LUXEMBURG
	Tx latitude   :  49.666667 N
	Tx longitude  :   6.316667 E
	Rx Location     BOCKHACKEN
	Rx latitude   :  51.116667 N
	Rx longitude  :   7.266667 E
	local time Rx : 1 (hour UTC)
	local time Tx : 1 (hour UTC)
	Frequency     : 6.100000
	Bandwidth     : 1000.000000
	Modulation : ANALOG
	Required signal-to-noise ratio : 10.000000
	Required % of month signal-to-noise ratio :  50
	Required signal-to-interference ratio : 23.760000
	Man-made noise : RURAL
	Antenna configuration : User determined
	Path Direction : SHORTPATH
	Transmit antenna               ISOTROPIC
	Transmit antenna bearing     : 0.000000
	Transmit antenna gain offset : 0.000000
	Receive antenna                ISOTROPIC
	Receive antenna bearing      : 0.000000
	Receive antenna gain offset  : 0.000000

************************ End P533 Input Parameters *****************************

************************** ITURHFP Input Parameters *****************************

	Upper left (North West) latitude   :  51.116667 N
	Upper left (North West) longitude  :   7.266667 E
	Lower right (South East) latitude  :  51.116667 N
	Lower right (South East) longitude :   7.266667 E
	Number of frequencies : 1
	Number of hours       : 24
	Number of months      : 1
	Latitude increment    : 1.000000 (deg)
	Longitude increment   : 1.000000 (deg)

************************** ITURHFP Input Parameters *****************************

******************************** Data Format ***********************************

Column 01: Month
Column 02: Hour
Column 03: Frequency (MHz)
Column 04: Receiver latitude (deg)
Column 05: Receiver longitude (deg)
Column 06: D - Path distance (km)
Column 07: E - Path Field Strength (dB(1uV/m))
Column 08: Pr - Median receiver power (dB)
Column 09: FaA - Atmospheric noise (dB)
Column 10: FaM - Man-made noise (dB)
Column 11: FaG - Galactic noise (dB)
Column 12: DuA - Upper decile deviation of atmospheric noise (dB)
Column 13: DlA - Lower decile deviation of atmospheric noise (dB)
Column 14: DuM - Upper decile deviation of man-made noise (dB)
Column 15: DlM - Lower decile deviation of man-made noise (dB)
Column 16: DuG - Upper decile deviation of atmospheric noise (dB)
Column 17: DlG - Lower decile deviation of atmospheric noise (dB)
Column 18: DuT - Upper decile deviation of total noise (dB)
Column 19: DlT - Lower decile deviation of total noise (dB)
Column 20: FamT - Total noise (dB)

************************** End Data Format ********************************

************************ Calculated Parameters ****************************

08, 01,    6.100,  51.1167,   7.2667,   174.73,   6.22,-116.68,  50.62,  45.45,  33.94,   7.65,   7.61,   9.20,   4.60,   2.00,   2.00,   7.07,   7.05,  51.90
08, 02,    6.100,  51.1167,   7.2667,   174.73,   4.68,-118.22,  48.91,  45.45,  33.94,   8.47,   8.42,   9.20,   4.60,   2.00,   2.00,   7.62,   7.78,  50.48
08, 03,    6.100,  51.1167,   7.2667,   174.73,   3.93,-118.97,  46.05,  45.45,  33.94,   9.16,   9.10,   9.20,   4.60,   2.00,   2.00,   8.02,   8.16,  48.46
08, 04,    6.100,  51.1167,   7.2667,   174.73,   6.32,-116.58,  42.67,  45.45,  33.94,   9.50,   9.17,   9.20,   4.60,   2.00,   2.00,   8.23,   7.41,  47.08
08, 05,    6.100,  51.1167,   7.2667,   174.73,  11.28,-111.63,  41.25,  45.45,  33.94,   9.56,   8.61,   9.20,   4.60,   2.00,   2.00,   8.34,   6.12,  47.20
08, 06,    6.100,  51.1167,   7.2667,   174.73,  16.38,-106.52,  39.14,  45.45,  33.94,   9.62,   7.97,   9.20,   4.60,   2.00,   2.00,   8.53,   4.73,  47.17
08, 07,    6.100,  51.1167,   7.2667,   174.73,  21.43,-101.48,  34.89,  45.45,  33.94,   9.68,   7.22,   9.20,   4.60,   2.00,   2.00,   8.86,   4.16,  46.37
08, 08,    6.100,  51.1167,   7.2667,   174.73,  33.15, -89.75,  27.05,  45.45,  33.94,  10.38,   7.11,   9.20,   4.60,   2.00,   2.00,   9.08,   4.36,  45.78
08, 09,    6.100,  51.1167,   7.2667,   174.73,  31.81, -91.10,  28.17,  45.45,  33.94,  11.50,   7.73,   9.20,   4.60,   2.00,   2.00,   9.03,   4.33,  45.92
08, 10,    6.100,  51.1167,   7.2667,   174.73,  30.54, -92.37,  29.06,  45.45,  33.94,  12.39,   8.27,   9.20,   4.60,   2.00,   2.00,   9.19,   4.31,  45.83
08, 11,    6.100,  51.1167,   7.2667,   174.73,  29.70, -93.20,  29.79,  45.45,  33.94,  13.12,   8.75,   9.20,   4.60,   2.00,   2.00,   9.30,   4.31,  45.85
08, 12,    6.100,  51.1167,   7.2667,   174.73,  29.16, -93.75,  36.07,  45.45,  33.94,  13.29,   9.19,   9.20,   4.60,   2.00,   2.00,  10.02,   5.08,  46.19
08, 13,    6.100,  51.1167,   7.2667,   174.73,  28.93, -93.98,  40.12,  45.45,  33.94,  12.91,   9.60,   9.20,   4.60,   2.00,   2.00,  10.58,   7.19,  46.27
08, 14,    6.100,  51.1167,   7.2667,   174.73,  20.32,-102.58,  42.18,  45.45,  33.94,  12.49,   9.97,   9.20,   4.60,   2.00,   2.00,  10.72,   8.45,  46.27
08, 15,    6.100,  51.1167,   7.2667,   174.73,  18.83,-104.08,  43.57,  45.45,  33.94,  12.04,  10.31,   9.20,   4.60,   2.00,   2.00,  10.65,   9.28,  46.48
08, 16,    6.100,  51.1167,   7.2667,   174.73,  20.00,-102.91,  46.18,  45.45,  33.94,  11.33,  10.08,   9.20,   4.60,   2.00,   2.00,  10.40,   9.43,  48.02
08, 17,    6.100,  51.1167,   7.2667,   174.73,  30.85, -92.05,  48.66,  45.45,  33.94,  10.23,   9.12,   9.20,   4.60,   2.00,   2.00,   9.41,   8.58,  50.07
08, 18,    6.100,  51.1167,   7.2667,   174.73,  32.77, -90.14,  50.23,  45.45,  33.94,   8.75,   7.89,   9.20,   4.60,   2.00,   2.00,   7.96,   7.33,  51.55
08, 19,    6.100,  51.1167,   7.2667,   174.73,  34.34, -88.56,  51.39,  45.45,  33.94,   6.49,   6.16,   9.20,   4.60,   2.00,   2.00,   6.47,   5.53,  52.71
08, 20,    6.100,  51.1167,   7.2667,   174.73,  35.86, -87.05,  51.94,  45.45,  33.94,   4.81,   5.06,   9.20,   4.60,   2.00,   2.00,   6.18,   4.45,  52.96
08, 21,    6.100,  51.1167,   7.2667,   174.73,  27.75, -95.16,  52.05,  45.45,  33.94,   5.20,   5.36,   9.20,   4.60,   2.00,   2.00,   6.13,   4.77,  53.25
08, 22,    6.100,  51.1167,   7.2667,   174.73,  17.01,-105.90,  52.16,  45.45,  33.94,   5.56,   5.65,   9.20,   4.60,   2.00,   2.00,   6.12,   5.07,  53.35
08, 23,    6.100,  51.1167,   7.2667,   174.73,  12.27,-110.64,  52.27,  45.45,  33.94,   5.89,   5.91,   9.20,   4.60,   2.00,   2.00,   6.14,   5.37,  53.41
08, 24,    6.100,  51.1167,   7.2667,   174.73,   9.05,-113.86,  52.28,  45.45,  33.94,   5.90,   5.92,   9.20,   4.60,   2.00,   2.00,   6.14,   5.38,  53.41

**************************End Calculated Parameters ***********************

